// Jest Snapshot v1, https://goo.gl/fbAQLP

exports[`getTimelineVerticalMarkers gets the appropriate markers 1`] = `
Array [
  Object {
    "category": 0,
    "data": Object {
      "category": "Navigation",
      "eventType": "load",
      "innerWindowID": 1,
      "type": "tracing",
    },
    "end": 5,
    "name": "Load",
    "start": 4,
    "threadId": null,
  },
  Object {
    "category": 0,
    "data": null,
    "end": null,
    "name": "TTI",
    "start": 6,
    "threadId": null,
  },
  Object {
    "category": 0,
    "data": Object {
      "category": "Navigation",
      "innerWindowID": 1,
      "type": "tracing",
    },
    "end": 7,
    "name": "DOMContentLoaded",
    "start": 6,
    "threadId": null,
  },
  Object {
    "category": 0,
    "data": null,
    "end": null,
    "name": "Navigation::Start",
    "start": 7,
    "threadId": null,
  },
  Object {
    "category": 0,
    "data": null,
    "end": null,
    "name": "Contentful paint at something",
    "start": 8,
    "threadId": null,
  },
]
`;
