// Jest Snapshot v1, https://goo.gl/fbAQLP

exports[`ContextMenu correctly renders the context-menu with the props that were passed through 1`] = `
<nav
  class="react-contextmenu context-menu"
  role="menu"
  style="position: fixed; opacity: 0; pointer-events: none;"
  tabindex="-1"
>
  <div />
</nav>
`;
