// Jest Snapshot v1, https://goo.gl/fbAQLP

exports[`EmptyThreadIndicator rendering matches the snapshot when rendering all three types of indicators 1`] = `
<div
  class="timelineEmptyThreadIndicator"
>
  <div
    class="timelineEmptyThreadIndicatorBlock timelineEmptyThreadIndicatorStartup"
    style="left: 0px; width: 30px;"
  />
  <div
    class="timelineEmptyThreadIndicatorBlock timelineEmptyThreadIndicatorShutdown"
    style="right: 0px; width: 10px;"
  />
  <div
    class="timelineEmptyThreadIndicatorBlock timelineEmptyThreadIndicatorEmptyBuffer"
    style="left: 30px; width: 20px;"
  />
</div>
`;

exports[`EmptyThreadIndicator rendering matches the snapshot when rendering no indicators 1`] = `
<div
  class="timelineEmptyThreadIndicator"
/>
`;
