// Jest Snapshot v1, https://goo.gl/fbAQLP

exports[`SourceView should show the source view when double clicking on a line in the tree view 1`] = `
<div
  aria-multiline="true"
  autocapitalize="off"
  autocorrect="off"
  class="cm-content"
  contenteditable="false"
  data-language="cpp"
  role="textbox"
  spellcheck="false"
  style="tab-size: 4;"
  tabindex="0"
  translate="no"
>
  <div
    class="cm-line"
  >
    <span
      class="tok-typeName"
    >
      line 
    </span>
    <span
      class="tok-number"
    >
      1
    </span>
  </div>
  <div
    class="cm-line"
  >
    <span
      class="tok-variableName"
    >
      line 
    </span>
    <span
      class="tok-number"
    >
      2
    </span>
  </div>
  <div
    class="cm-line"
  >
    <span
      class="tok-typeName"
    >
      line 
    </span>
    <span
      class="tok-number"
    >
      3
    </span>
  </div>
  <div
    class="cm-nonZeroLine cm-line"
  >
    <span
      class="tok-variableName"
    >
      line 
    </span>
    <span
      class="tok-number"
    >
      4
    </span>
  </div>
  <div
    class="cm-line"
  >
    <span
      class="tok-typeName"
    >
      line 
    </span>
    <span
      class="tok-number"
    >
      5
    </span>
  </div>
  <div
    class="cm-line"
  >
    <span
      class="tok-variableName"
    >
      line 
    </span>
    <span
      class="tok-number"
    >
      6
    </span>
  </div>
  <div
    class="cm-line"
  >
    <span
      class="tok-variableName"
    >
      line 
    </span>
    <span
      class="tok-number"
    >
      7
    </span>
  </div>
</div>
`;
