// Jest Snapshot v1, https://goo.gl/fbAQLP

exports[`StackSettings matches the snapshot 1`] = `
<div>
  <div
    class="stackSettings"
  >
    <ul
      class="stackSettingsList"
    >
      <li
        class="stackSettingsListItem stackSettingsFilter"
      >
        <label
          class="photon-label photon-label-micro stackSettingsFilterLabel"
        >
          <input
            checked=""
            class="photon-radio photon-radio-micro stackSettingsFilterInput"
            name="stack-settings-filter"
            title="Filter stack frames to a type."
            type="radio"
            value="combined"
          />
          All stacks
        </label>
        <label
          class="photon-label photon-label-micro stackSettingsFilterLabel"
        >
          <input
            class="photon-radio photon-radio-micro stackSettingsFilterInput"
            name="stack-settings-filter"
            title="Filter stack frames to a type."
            type="radio"
            value="js"
          />
          JavaScript
        </label>
        <label
          class="photon-label photon-label-micro stackSettingsFilterLabel"
        >
          <input
            class="photon-radio photon-radio-micro stackSettingsFilterInput"
            name="stack-settings-filter"
            title="Filter stack frames to a type."
            type="radio"
            value="cpp"
          />
          Native
        </label>
      </li>
      <li
        class="stackSettingsListItem"
      >
        <label
          class="photon-label photon-label-micro stackSettingsLabel"
        >
          <input
            class="photon-checkbox photon-checkbox-micro stackSettingsCheckbox"
            type="checkbox"
          />
          <span
            title="Sort by the time spent in a call node, ignoring its children."
          >
            Invert call stack
          </span>
        </label>
      </li>
    </ul>
    <div
      class="panelSearchField stackSettingsSearchField"
    >
      <label
        class="panelSearchFieldLabel"
      >
        Filter stacks: 
        <form
          class="idleSearchField panelSearchFieldInput"
        >
          <input
            class="idleSearchFieldInput photon-input"
            name="search"
            placeholder="Enter filter terms"
            required=""
            title="Only display stacks which contain a function whose name matches this substring"
            type="search"
            value=""
          />
          <input
            class="idleSearchFieldButton"
            tabindex="-1"
            type="reset"
          />
        </form>
        <div
          class="panelSearchFieldIntroduction isHidden"
        >
          Did you know you can use the comma (,) to search using several terms?
        </div>
      </label>
    </div>
  </div>
</div>
`;
