// Jest Snapshot v1, https://goo.gl/fbAQLP

exports[`TrackPower draws a dot that matches the snapshot 1`] = `
<div
  class="timelineTrackPowerGraphDot"
  style="left: 15px; top: 24.872px;"
/>
`;

exports[`TrackPower has a tooltip that matches the snapshot 1`] = `
<div
  class="timelineTrackPowerTooltip"
>
  <div
    class="tooltipDetails"
  >
    <div
      class="tooltipLabel"
    >
      Power
      :
    </div>
    ⁨18.0⁩ W
    <div
      class="tooltipLabel"
    >
      Energy used in the visible range
      :
    </div>
    ⁨7.2⁩ µWh (⁨0.003⁩ mg CO₂e)
  </div>
</div>
`;

exports[`TrackPower matches the 2d canvas draw snapshot 1`] = `
Array [
  Array [
    "clearRect",
    0,
    0,
    80,
    25,
  ],
  Array [
    "set lineWidth",
    2,
  ],
  Array [
    "set strokeStyle",
    "#737373",
  ],
  Array [
    "set fillStyle",
    "#73737388",
  ],
  Array [
    "beginPath",
  ],
  Array [
    "moveTo",
    0,
    24,
  ],
  Array [
    "lineTo",
    15,
    23.877333333333333,
  ],
  Array [
    "lineTo",
    20,
    23.54,
  ],
  Array [
    "lineTo",
    30,
    23.54,
  ],
  Array [
    "lineTo",
    40,
    14.799999999999999,
  ],
  Array [
    "lineTo",
    50,
    1,
  ],
  Array [
    "lineTo",
    60,
    23.862,
  ],
  Array [
    "lineTo",
    70,
    23.954,
  ],
  Array [
    "lineTo",
    80,
    23.954,
  ],
  Array [
    "stroke",
  ],
  Array [
    "lineTo",
    80,
    25,
  ],
  Array [
    "lineTo",
    0,
    25,
  ],
  Array [
    "fill",
  ],
]
`;

exports[`TrackPower matches the component snapshot 1`] = `
<div
  class="timelineTrackPower"
  style="height: 25px; --graph-height: 25px;"
>
  <div
    class="timelineTrackPowerGraph"
  >
    <div>
      <canvas
        class="timelineTrackPowerCanvas"
        height="25"
        width="80"
      />
    </div>
    <div
      class="timelineEmptyThreadIndicator"
    />
  </div>
</div>
`;
